<?xml version="1.0" encoding="utf-8"?><testsuites><testsuite name="pytest" errors="0" failures="0" skipped="0" tests="4" time="14.562" timestamp="2025-02-11T11:27:42.991438" hostname="DESKTOP-2UFIN1A"><testcase classname="tests.api.test_api.TestBatchPipeline" name="test_should_failed_unkown_column_1" time="0.076" /><testcase classname="tests.api.test_api.TestBatchPipeline" name="test_should_failed_unkown_column_2" time="0.019" /><testcase classname="tests.api.test_api.TestBatchPipeline" name="test_should_failed_unkown_column_3" time="0.018" /><testcase classname="tests.api.test_api.TestBatchPipeline" name="test_should_get_predict" time="0.158" /></testsuite></testsuites>